Main.hx:20: characters 27-28 : Normal variables cannot be accessed with 