IncompatibleCombinations.hx:5: characters 1-70 : The new() co