<list>
<i n="f1" k="var"><t>Int</t><d></d></i>
<i n="f2" k="method"><t>() -&gt; Void</t><d></d></i>
<i n="AnotherOne" k="type"><t>AnotherOne</t><d></d